// Jest Snapshot v1, https://goo.gl/fbAQLP

exports[`App tests renders snapshot 1`] = `
<div>
  <h1>
    Seytech
  </h1>
  <p>
    Fullstack Software Developer Bootcamp
  </p>
</div>
`;
